cmp.c:126:17:be16	24	static
cmp.c:140:17:be32	24	static
cmp.c:158:17:be64	24	static
cmp.c:184:14:decode_befloat	24	static
cmp.c:198:15:decode_bedouble	32	static
cmp.c:216:13:read_byte	16	static
cmp.c:220:13:write_byte	16	static
cmp.c:224:13:skip_bytes	24	static
cmp.c:242:13:read_type_marker	16	static
cmp.c:251:13:write_type_marker	16	static
cmp.c:259:13:write_fixed_value	16	static
cmp.c:267:13:type_marker_to_cmp_type	16	static
cmp.c:392:13:read_type_size	32	static
cmp.c:563:13:read_obj_data	48	static
cmp.c:753:6:cmp_init	24	static
cmp.c:763:10:cmp_version	4	static
cmp.c:767:10:cmp_mp_version	4	static
cmp.c:771:13:cmp_strerror	16	static
cmp.c:778:6:cmp_write_pfix	16	static
cmp.c:786:6:cmp_write_nfix	16	static
cmp.c:794:6:cmp_write_sfix	16	static
cmp.c:804:6:cmp_write_s8	16	static
cmp.c:811:6:cmp_write_s16	16	static
cmp.c:820:6:cmp_write_s32	16	static
cmp.c:829:6:cmp_write_s64	32	static
cmp.c:838:6:cmp_write_integer	32	static
cmp.c:853:6:cmp_write_ufix	16	static
cmp.c:857:6:cmp_write_u8	16	static
cmp.c:864:6:cmp_write_u16	16	static
cmp.c:873:6:cmp_write_u32	16	static
cmp.c:882:6:cmp_write_u64	32	static
cmp.c:891:6:cmp_write_uinteger	32	static
cmp.c:904:6:cmp_write_float	32	static
cmp.c:927:6:cmp_write_double	40	static
cmp.c:946:6:cmp_write_decimal	48	static
cmp.c:956:6:cmp_write_nil	16	static
cmp.c:960:6:cmp_write_true	16	static
cmp.c:964:6:cmp_write_false	16	static
cmp.c:968:6:cmp_write_bool	16	static
cmp.c:975:6:cmp_write_u8_as_bool	16	static
cmp.c:982:6:cmp_write_fixstr_marker	16	static
cmp.c:990:6:cmp_write_fixstr	24	static
cmp.c:1004:6:cmp_write_str8_marker	16	static
cmp.c:1015:6:cmp_write_str8	24	static
cmp.c:1029:6:cmp_write_str16_marker	16	static
cmp.c:1042:6:cmp_write_str16	24	static
cmp.c:1056:6:cmp_write_str32_marker	16	static
cmp.c:1069:6:cmp_write_str32	24	static
cmp.c:1083:6:cmp_write_str_marker	16	static
cmp.c:1094:6:cmp_write_str_marker_v4	16	static
cmp.c:1103:6:cmp_write_str	24	static
cmp.c:1114:6:cmp_write_str_v4	24	static
cmp.c:1123:6:cmp_write_bin8_marker	16	static
cmp.c:1134:6:cmp_write_bin8	24	static
cmp.c:1148:6:cmp_write_bin16_marker	16	static
cmp.c:1161:6:cmp_write_bin16	24	static
cmp.c:1175:6:cmp_write_bin32_marker	16	static
cmp.c:1188:6:cmp_write_bin32	24	static
cmp.c:1202:6:cmp_write_bin_marker	16	static
cmp.c:1211:6:cmp_write_bin	24	static
cmp.c:1220:6:cmp_write_fixarray	16	static
cmp.c:1228:6:cmp_write_array16	16	static
cmp.c:1241:6:cmp_write_array32	16	static
cmp.c:1254:6:cmp_write_array	16	static
cmp.c:1263:6:cmp_write_fixmap	16	static
cmp.c:1271:6:cmp_write_map16	16	static
cmp.c:1284:6:cmp_write_map32	16	static
cmp.c:1297:6:cmp_write_map	16	static
cmp.c:1306:6:cmp_write_fixext1_marker	16	static
cmp.c:1317:6:cmp_write_fixext1	24	static
cmp.c:1328:6:cmp_write_fixext2_marker	16	static
cmp.c:1339:6:cmp_write_fixext2	24	static
cmp.c:1350:6:cmp_write_fixext4_marker	16	static
cmp.c:1361:6:cmp_write_fixext4	24	static
cmp.c:1372:6:cmp_write_fixext8_marker	16	static
cmp.c:1383:6:cmp_write_fixext8	24	static
cmp.c:1394:6:cmp_write_fixext16_marker	16	static
cmp.c:1405:6:cmp_write_fixext16	24	static
cmp.c:1416:6:cmp_write_ext8_marker	16	static
cmp.c:1432:6:cmp_write_ext8	24	static
cmp.c:1443:6:cmp_write_ext16_marker	16	static
cmp.c:1461:6:cmp_write_ext16	24	static
cmp.c:1472:6:cmp_write_ext32_marker	24	static
cmp.c:1490:6:cmp_write_ext32	24	static
cmp.c:1501:6:cmp_write_ext_marker	24	static
cmp.c:1520:6:cmp_write_ext	24	static
cmp.c:1539:6:cmp_write_object	24	static
cmp.c:1623:6:cmp_write_object_v4	24	static
cmp.c:1697:6:cmp_read_pfix	32	static
cmp.c:1712:6:cmp_read_nfix	32	static
cmp.c:1727:6:cmp_read_sfix	32	static
cmp.c:1744:6:cmp_read_s8	32	static
cmp.c:1759:6:cmp_read_s16	32	static
cmp.c:1774:6:cmp_read_s32	32	static
cmp.c:1789:6:cmp_read_s64	40	static
cmp.c:1804:6:cmp_read_char	32	static
cmp.c:1830:6:cmp_read_short	32	static
cmp.c:1862:6:cmp_read_int	32	static
cmp.c:1900:6:cmp_read_long	40	static
cmp.c:1944:6:cmp_read_integer	16	static
cmp.c:1948:6:cmp_read_ufix	16	static
cmp.c:1952:6:cmp_read_u8	32	static
cmp.c:1967:6:cmp_read_u16	32	static
cmp.c:1982:6:cmp_read_u32	32	static
cmp.c:1997:6:cmp_read_u64	40	static
cmp.c:2012:6:cmp_read_uchar	32	static
cmp.c:2038:6:cmp_read_ushort	32	static
cmp.c:2073:6:cmp_read_uint	32	static
cmp.c:2117:6:cmp_read_ulong	40	static
cmp.c:2170:6:cmp_read_uinteger	16	static
cmp.c:2174:6:cmp_read_float	32	static
cmp.c:2190:6:cmp_read_double	40	static
cmp.c:2206:6:cmp_read_decimal	40	static
cmp.c:2225:6:cmp_read_nil	32	static
cmp.c:2238:6:cmp_read_bool	32	static
cmp.c:2257:6:cmp_read_bool_as_u8	32	static
cmp.c:2276:6:cmp_read_str_size	32	static
cmp.c:2295:6:cmp_read_str	32	static
cmp.c:2318:6:cmp_read_bin_size	32	static
cmp.c:2336:6:cmp_read_bin	32	static
cmp.c:2356:6:cmp_read_array	32	static
cmp.c:2374:6:cmp_read_map	32	static
cmp.c:2392:6:cmp_read_fixext1_marker	32	static
cmp.c:2407:6:cmp_read_fixext1	24	static
cmp.c:2418:6:cmp_read_fixext2_marker	32	static
cmp.c:2433:6:cmp_read_fixext2	24	static
cmp.c:2444:6:cmp_read_fixext4_marker	32	static
cmp.c:2459:6:cmp_read_fixext4	24	static
cmp.c:2470:6:cmp_read_fixext8_marker	32	static
cmp.c:2485:6:cmp_read_fixext8	24	static
cmp.c:2496:6:cmp_read_fixext16_marker	32	static
cmp.c:2511:6:cmp_read_fixext16	24	static
cmp.c:2522:6:cmp_read_ext8_marker	40	static
cmp.c:2539:6:cmp_read_ext8	24	static
cmp.c:2550:6:cmp_read_ext16_marker	40	static
cmp.c:2567:6:cmp_read_ext16	24	static
cmp.c:2578:6:cmp_read_ext32_marker	40	static
cmp.c:2595:6:cmp_read_ext32	24	static
cmp.c:2606:6:cmp_read_ext_marker	40	static
cmp.c:2630:6:cmp_read_ext	24	static
cmp.c:2641:6:cmp_read_object	24	static
cmp.c:2655:6:cmp_skip_object	24	static
cmp.c:2712:6:cmp_skip_object_flat	32	static
cmp.c:2802:6:cmp_skip_object_no_limit	32	static
cmp.c:2878:6:cmp_skip_object_limit	40	static
cmp.c:2969:6:cmp_object_is_char	16	static
cmp.c:2979:6:cmp_object_is_short	16	static
cmp.c:2990:6:cmp_object_is_int	16	static
cmp.c:3002:6:cmp_object_is_long	16	static
cmp.c:3015:6:cmp_object_is_sinteger	16	static
cmp.c:3019:6:cmp_object_is_uchar	16	static
cmp.c:3029:6:cmp_object_is_ushort	16	static
cmp.c:3041:6:cmp_object_is_uint	16	static
cmp.c:3053:6:cmp_object_is_ulong	16	static
cmp.c:3066:6:cmp_object_is_uinteger	16	static
cmp.c:3070:6:cmp_object_is_float	16	static
cmp.c:3077:6:cmp_object_is_double	16	static
cmp.c:3084:6:cmp_object_is_nil	16	static
cmp.c:3091:6:cmp_object_is_bool	16	static
cmp.c:3098:6:cmp_object_is_str	16	static
cmp.c:3110:6:cmp_object_is_bin	16	static
cmp.c:3121:6:cmp_object_is_array	16	static
cmp.c:3132:6:cmp_object_is_map	16	static
cmp.c:3143:6:cmp_object_is_ext	16	static
cmp.c:3159:6:cmp_object_as_char	16	static
cmp.c:3179:6:cmp_object_as_short	16	static
cmp.c:3205:6:cmp_object_as_int	16	static
cmp.c:3237:6:cmp_object_as_long	16	static
cmp.c:3275:6:cmp_object_as_sinteger	16	static
cmp.c:3279:6:cmp_object_as_uchar	16	static
cmp.c:3290:6:cmp_object_as_ushort	16	static
cmp.c:3304:6:cmp_object_as_uint	16	static
cmp.c:3321:6:cmp_object_as_ulong	16	static
cmp.c:3341:6:cmp_object_as_uinteger	16	static
cmp.c:3345:6:cmp_object_as_float	16	static
cmp.c:3354:6:cmp_object_as_double	16	static
cmp.c:3363:6:cmp_object_as_bool	16	static
cmp.c:3376:6:cmp_object_as_str	16	static
cmp.c:3389:6:cmp_object_as_bin	16	static
cmp.c:3401:6:cmp_object_as_array	16	static
cmp.c:3413:6:cmp_object_as_map	16	static
cmp.c:3425:6:cmp_object_as_ext	24	static
cmp.c:3443:6:cmp_object_to_str	32	static
cmp.c:3470:6:cmp_object_to_bin	32	static
